[www.lucideus.com/index.html]
[backblue.gif]
[fade.gif]
[index.html]
[www.lucideus.com/images/favicon.png]
[www.lucideus.com/js/lib/modernizr.js]
[www.lucideus.com/index-2.html]
[www.lucideus.com/about.html]
[www.lucideus.com/safe.html]
[www.lucideus.com/services.html]
[www.lucideus.com/customers.html]
[www.lucideus.com/careers.html]
[www.lucideus.com/media.html]
[www.lucideus.com/contact.html]
[www.lucideus.com/images/section-01.png]
[www.lucideus.com/images/section-03.jpg]
[www.lucideus.com/images/section-contact.jpg]
[www.lucideus.com/images/contact-form-loader.gif]
[www.lucideus.com/images/contact-form-tick.png]
[www.lucideus.com/images/media-fortune-jc.jpg]
[www.lucideus.com/terms.html]
[www.lucideus.com/privacy.html]
[www.lucideus.com/js/lib/jquery-3.3.1.min.js]
[www.lucideus.com/js/lib/popper-1.14.3.min.js]
[www.lucideus.com/js/lib/bootstrap-4.1.3.min.js]
[www.lucideus.com/js/plugins/svg4everybody.min.js]
[www.lucideus.com/js/plugins/aos.min.js]
[www.lucideus.com/js/plugins/paroller.min.js]
[www.lucideus.com/js/plugins/slick.min.js]
[www.lucideus.com/js/init.js]
[www.lucideus.com/js/lib/jquery.validate.js]
[www.lucideus.com/js/lib/validation-rules.js]
[www.lucideus.com/index.html]
[www.lucideus.com/css/bootstrap4.min.css]
[www.lucideus.com/css/aos.min.css]
[www.lucideus.com/css/styles.css]
[www.lucideus.com/icons/icons.svg]
[www.lucideus.com/index-2.html]
[www.lucideus.com/images/lucideus-story.png]
[www.lucideus.com/images/story-01.png]
[www.lucideus.com/images/story-02.png]
[www.lucideus.com/images/story-03.png]
[www.lucideus.com/images/story-04.png]
[www.lucideus.com/images/story-05.png]
[www.lucideus.com/images/story-06.png]
[www.lucideus.com/images/story-07.png]
[www.lucideus.com/images/story-08.png]
[www.lucideus.com/images/story-09.png]
[www.lucideus.com/images/lucideus-timeline.png]
[www.lucideus.com/images/growth-img.png]
[www.lucideus.com/images/team/passport/saket.png]
[www.lucideus.com/images/team/passport/vidit.png]
[www.lucideus.com/images/team/passport/rahul.png]
[www.lucideus.com/images/team/passport/anuj.png]
[www.lucideus.com/images/team/passport/nakul.png]
[www.lucideus.com/images/team/passport/kapil.png]
[www.lucideus.com/images/team/passport/sb.png]
[www.lucideus.com/images/team/passport/vineet.png]
[www.lucideus.com/images/team/passport/nimish.png]
[www.lucideus.com/images/team/passport/nitin.png]
[www.lucideus.com/images/team/passport/pawan.png]
[www.lucideus.com/images/team/passport/sonali.png]
[www.lucideus.com/images/team/passport/sri.png]
[www.lucideus.com/images/team/passport/virendra.png]
[www.lucideus.com/images/cover-thomas.jpg]
[www.lucideus.com/images/media-box-cover.jpg]
[www.lucideus.com/images/media-economic-times.jpg]
[www.lucideus.com/images/team/saket.png]
[www.lucideus.com/images/team/vidit.png]
[www.lucideus.com/images/team/rahul.png]
[www.lucideus.com/images/team/anuj.png]
[www.lucideus.com/images/team/nakul.png]
[www.lucideus.com/images/team/kapil.png]
[www.lucideus.com/images/team/sb.png]
[www.lucideus.com/images/team/vineet.png]
[www.lucideus.com/images/team/nimish.png]
[www.lucideus.com/images/team/nitin.png]
[www.lucideus.com/images/team/pawan.png]
[www.lucideus.com/images/team/sonali.png]
[www.lucideus.com/images/team/sri.png]
[www.lucideus.com/images/team/virendra.png]
[www.lucideus.com/about.html]
[www.lucideus.com/images/safe/img-safe01.jpg]
[www.lucideus.com/images/safe/img-safe02.png]
[www.lucideus.com/images/safe/img-safe04.png]
[www.lucideus.com/images/safe/img-safe03.png]
[www.lucideus.com/images/safe/img-safe-block01.png]
[www.lucideus.com/images/safe/img-safe-block02.png]
[www.lucideus.com/images/safe/img-safe-block03.png]
[www.lucideus.com/images/safe/img-safe-block04.png]
[www.lucideus.com/images/key-features/keyfeature-safescore.png]
[www.lucideus.com/images/key-features/keyfeature-realtimeassessment.png]
[www.lucideus.com/images/key-features/keyfeature-hacksimulation.png]
[www.lucideus.com/images/key-features/keyfeature-autopatching.png]
[www.lucideus.com/images/key-features/keyfeature-compliance.png]
[www.lucideus.com/images/safe/img-dashboard.png]
[www.lucideus.com/images/safe/img-safe-in-out.png]
[www.lucideus.com/images/safe/img-safe-in-out-mobile.png]
[www.lucideus.com/safe.html]
[www.lucideus.com/images/section-vm.jpg]
[www.lucideus.com/images/img-control-list.png]
[www.lucideus.com/services.html]
[www.lucideus.com/images/img-sections/globe.png]
[www.lucideus.com/customers.html]
[www.lucideus.com/images/careers/1.jpg]
[www.lucideus.com/images/careers/2.jpg]
[www.lucideus.com/images/careers/3.jpg]
[www.lucideus.com/images/careers/4.jpg]
[www.lucideus.com/images/careers/5.jpg]
[www.lucideus.com/images/careers/6.jpg]
[www.lucideus.com/images/careers/7.jpg]
[www.lucideus.com/images/careers/8.jpg]
[www.lucideus.com/images/careers/9.jpg]
[www.lucideus.com/images/careers/logo-location.png]
[www.lucideus.com/images/careers/logo-timing.png]
[www.lucideus.com/images/careers/logo-culture.png]
[www.lucideus.com/images/careers/logo-voice.png]
[www.lucideus.com/images/careers/logo-learning.png]
[www.lucideus.com/images/careers/logo-pay.png]
[www.lucideus.com/images/careers/logo-breakfast.png]
[www.lucideus.com/images/careers/logo-cab.png]
[www.lucideus.com/images/careers/logo-insured.png]
[www.lucideus.com/images/careers/logo-play.png]
[www.lucideus.com/images/careers/logo-party.png]
[www.lucideus.com/images/careers/logo-leaves.png]
[www.lucideus.com/images/careers/blog-popup.png]
[www.lucideus.com/careers.html]
[www.lucideus.com/media.html]
[www.lucideus.com/contact.html]
[www.lucideus.com/images/logos/customer/finance/logo-npci.svg]
[www.lucideus.com/images/logos/customer/finance/logo-icici.svg]
[www.lucideus.com/images/logos/customer/finance/logo-hdfc.svg]
[www.lucideus.com/images/logos/customer/finance/logo-dbs.svg]
[www.lucideus.com/images/logos/customer/finance/logo-soft.svg]
[www.lucideus.com/images/logos/customer/e-commerce/logo-kfc.svg]
[www.lucideus.com/images/logos/customer/e-commerce/logo-tatasky.svg]
[www.lucideus.com/images/logos/customer/aviation/logo-indigo.svg]
[www.lucideus.com/terms.html]
[www.lucideus.com/privacy.html]
[www.lucideus.com/images/icon-leaves.svg]
[www.lucideus.com/images/world-map.svg]
[www.lucideus.com/images/bgr-hexagon.svg]
[www.lucideus.com/images/logos/customer/misc/logo-un.svg]
[www.lucideus.com/images/logos/customer/finance/logo-southindian.svg]
[www.lucideus.com/images/logos/customer/conglomerates/logo-adani.svg]
[www.lucideus.com/images/logos/customer/aviation/logo-spicejet.svg]
[www.lucideus.com/images/logos/customer/e-commerce/logo-goibibo.svg]
[www.lucideus.com/images/logos/customer/e-commerce/logo-quickr.svg]
[www.lucideus.com/images/logos/customer/misc/logo-ibm.svg]
[www.lucideus.com/images/logos/customer/e-commerce/logo-himalaya.svg]
[www.lucideus.com/images/logos/awards/logo-government.svg]
[www.lucideus.com/images/logos/awards/logo-frost-sullivan.svg]
[www.lucideus.com/images/logos/awards/logo-forbes-international.svg]
[www.lucideus.com/images/logos/awards/logo-aegis-graham-bell.svg]
[www.lucideus.com/images/logos/awards/logo-london-partners.svg]
[www.lucideus.com/images/logos/awards/logo-DSCI.svg]
[www.lucideus.com/images/logos/awards/logo-dynamic-ciso.svg]
[www.lucideus.com/images/logos/awards/logo-business-world-techtors.svg]
[www.lucideus.com/images/logos/awards/logo-cii.svg]
[www.lucideus.com/images/logos/awards/logo-economictimes.svg]
[www.lucideus.com/images/logos/awards/logo-entrepreneur-magazine.svg]
[www.lucideus.com/images/logos/awards/logo-fortune.svg]
[www.lucideus.com/images/logos/awards/logo-niti-aayog.svg]
[www.lucideus.com/images/logos/awards/logo-business-world.svg]
[www.lucideus.com/images/logos/awards/logo-forbes-asia.svg]
[www.lucideus.com/images/logos/awards/logo-cnbc.svg]
[www.lucideus.com/images/logos/awards/logo-india-today.svg]
[www.lucideus.com/icons/threatIntell.svg]
[www.lucideus.com/icons/webSecurity.svg]
[www.lucideus.com/icons/android.svg]
[www.lucideus.com/icons/ios.svg]
[www.lucideus.com/icons/networkSec.svg]
[www.lucideus.com/icons/forensic.svg]
[www.lucideus.com/icons/governance.svg]
[www.lucideus.com/icons/datasecurity.svg]
[www.lucideus.com/icons/iot.svg]
[www.lucideus.com/icons/crypto.svg]
[www.lucideus.com/images/img-reports.svg]
[www.lucideus.com/images/logos/customer/finance/logo-kotak.svg]
[www.lucideus.com/images/logos/customer/finance/logo-dcb-bank.svg]
[www.lucideus.com/images/logos/customer/finance/logo-bandhan.svg]
[www.lucideus.com/images/logos/customer/finance/logo-helion.svg]
[www.lucideus.com/images/logos/customer/finance/logo-mcx.svg]
[www.lucideus.com/images/logos/customer/finance/logo-edelweiss.svg]
[www.lucideus.com/images/logos/customer/finance/logo-euronet.svg]
[www.lucideus.com/images/logos/customer/finance/logo-cams.svg]
[www.lucideus.com/images/logos/customer/finance/logo-motilal oswal.svg]
[www.lucideus.com/images/logos/customer/finance/logo-uti.svg]
[www.lucideus.com/images/logos/customer/finance/logo-dsp-black.svg]
[www.lucideus.com/images/logos/customer/finance/logo-icra.svg]
[www.lucideus.com/images/logos/customer/finance/logo-nsdl.svg]
[www.lucideus.com/images/logos/customer/finance/logo-alphapoint.svg]
[www.lucideus.com/images/logos/customer/finance/logo-hdfc-ergo.svg]
[www.lucideus.com/images/logos/customer/finance/logo-future-generali.svg]
[www.lucideus.com/images/logos/customer/finance/logo-chola.svg]
[www.lucideus.com/images/logos/customer/finance/logo-lakshmi-vilas-bank.svg]
[www.lucideus.com/images/logos/customer/e-commerce/logo-pizza-hut.svg]
[www.lucideus.com/images/logos/customer/e-commerce/logo-shopclues.svg]
[www.lucideus.com/images/logos/customer/e-commerce/logo-naukri.svg]
[www.lucideus.com/images/logos/customer/e-commerce/logo-policy-bazaar.svg]
[www.lucideus.com/images/logos/customer/e-commerce/logo-SRL-Diagnostics.svg]
[www.lucideus.com/images/logos/customer/e-commerce/logo-dishtv.svg]
[www.lucideus.com/images/logos/customer/e-commerce/logo-naaptol.svg]
[www.lucideus.com/images/logos/customer/e-commerce/logo-capgemini.svg]
[www.lucideus.com/images/logos/customer/e-commerce/logo-amdocs.svg]
[www.lucideus.com/images/logos/customer/e-commerce/logo-payback.svg]
[www.lucideus.com/images/logos/customer/e-commerce/logo-KHAITAN.svg]
[www.lucideus.com/images/logos/customer/e-commerce/logo-sr-sinoia.svg]
[www.lucideus.com/images/logos/customer/e-commerce/logo-dream11.svg]
[www.lucideus.com/images/logos/customer/e-commerce/logo-freshworks.svg]
[www.lucideus.com/images/logos/customer/e-commerce/logo-tgb.svg]
[www.lucideus.com/images/logos/customer/aviation/logo-igi.svg]
[www.lucideus.com/images/logos/customer/aviation/logo-csia.svg]
[www.lucideus.com/images/logos/customer/conglomerates/logo-tata.svg]
[www.lucideus.com/images/logos/customer/conglomerates/logo-itc.svg]
[www.lucideus.com/images/logos/customer/conglomerates/logo-lnt.svg]
[www.lucideus.com/images/logos/customer/manufacturing/logo-havells.svg]
[www.lucideus.com/images/logos/customer/manufacturing/logo-tata.svg]
[www.lucideus.com/images/logos/customer/manufacturing/logo-pidelite.svg]
[www.lucideus.com/images/logos/customer/manufacturing/logo-dalmia.svg]
[www.lucideus.com/images/logos/customer/manufacturing/logo-ambuja.svg]
[www.lucideus.com/images/logos/customer/manufacturing/logo-asian-paints.svg]
[www.lucideus.com/images/logos/customer/manufacturing/logo-ansal.svg]
[www.lucideus.com/images/logos/customer/manufacturing/logo-punj-llyod.svg]
[www.lucideus.com/images/careers/industry-infographic.svg]
[www.lucideus.com/images/careers/review-google.svg]
[www.lucideus.com/images/careers/review-glassdoor.svg]
[www.lucideus.com/images/careers/forensics-white.svg]
[www.lucideus.com/images/careers/forensics-black.svg]
[www.lucideus.com/images/careers/training-white.svg]
[www.lucideus.com/images/careers/training-black.svg]
